src/views/EditRecipePage.vue(68,15): error TS2322: Type 'string' is not assignable to type 'number'.
src/views/EditRecipePage.vue(77,15): error TS2322: Type 'string' is not assignable to type 'number'.
src/views/NewRecipePage.vue(63,15): error TS2322: Type 'string' is not assignable to type 'number'.
src/views/NewRecipePage.vue(72,15): error TS2322: Type 'string' is not assignable to type 'number'.
